// Vitest Snapshot v1, https://vitest.dev/guide/snapshot.html

exports[`Add Item > renders properly 1`] = `
"<v-form>
  <v-row>
    <v-col cols="8">
      <v-text-field name="addItem" modelvalue="" rules="value => {
                    if (value) return true
                    return 'You must enter a item.'
                }" label="Enter item" autocomplete="off"></v-text-field>
    </v-col>
    <v-col cols="4">
      <v-btn type="submit" block="" rounded="0" size="x-large" prepend-icon="mdi-plus" color="btnPrimary"> Add Item </v-btn>
    </v-col>
  </v-row>
</v-form>"
`;
